<html>
<body>
<pre>
<h1>µVision Build Log</h1>
<h2>Tool Versions:</h2>
IDE-Version: µVision V5.31.0.0
Copyright (C) 2020 ARM Ltd and ARM Germany GmbH. All rights reserved.
License Information: Trevor Scott, CSULB, LIC=----
 
Tool Versions:
Toolchain:       MDK-Lite  Version: 5.31.0.0
Toolchain Path:  C:\Keil_v5\ARM\ARMCC\Bin
C Compiler:      Armcc.exe V5.06 update 6 (build 750)
Assembler:       Armasm.exe V5.06 update 6 (build 750)
Linker/Locator:  ArmLink.exe V5.06 update 6 (build 750)
Library Manager: ArmAr.exe V5.06 update 6 (build 750)
Hex Converter:   FromElf.exe V5.06 update 6 (build 750)
CPU DLL:         SARMCM3.DLL V5.31.0.0
Dialog DLL:      DCM.DLL V1.17.3.0
Target DLL:      lmidk-agdi.dll V???
Dialog DLL:      TCM.DLL V1.46.0.0
 
<h2>Project:</h2>
C:\Users\Scott\Desktop\Spring 2021\CECS 347\LABS\Project 1\HardwarePWM.uvprojx
Project File Date:  08/25/2020

<h2>Output:</h2>
*** Using Compiler 'V5.06 update 6 (build 750)', folder: 'C:\Keil_v5\ARM\ARMCC\Bin'
Rebuild target 'cecs347lab2'
assembling startup.s...
compiling PWM.c...
compiling PLL.c...
compiling PWMtest.c...
PWMtest.c(15): warning:  #1295-D: Deprecated declaration DisableInterrupts - give arg types
  void DisableInterrupts(); // Disable interrupts
PWMtest.c(16): warning:  #1295-D: Deprecated declaration EnableInterrupts - give arg types
  void EnableInterrupts();  // Enable interrupts
PWMtest.c(18): warning:  #1295-D: Deprecated declaration Switch_Init - give arg types
  void Switch_Init();
PWMtest.c(21): warning:  #1295-D: Deprecated declaration Switch_Init - give arg types
  void Switch_Init();
PWMtest.c: 4 warnings, 0 errors
linking...
Program Size: Code=2532 RO-data=32 RW-data=28 ZI-data=1124  
FromELF: creating hex file...
".\PWM.axf" - 0 Error(s), 4 Warning(s).

<h2>Software Packages used:</h2>

Package Vendor: ARM
                http://www.keil.com/pack/ARM.CMSIS.5.7.0.pack
                ARM.CMSIS.5.7.0
                CMSIS (Cortex Microcontroller Software Interface Standard)
   * Component: CORE Version: 5.4.0

Package Vendor: Keil
                http://www.keil.com/pack/Keil.TM4C_DFP.1.1.0.pack
                Keil.TM4C_DFP.1.1.0
                Texas Instruments Tiva C Series Device Support and Examples

<h2>Collection of Component include folders:</h2>
  .\RTE\_cecs347lab2
  C:\Users\Scott\AppData\Local\Arm\Packs\ARM\CMSIS\5.7.0\CMSIS\Core\Include
  C:\Users\Scott\AppData\Local\Arm\Packs\Keil\TM4C_DFP\1.1.0\Device\Include\TM4C123

<h2>Collection of Component Files used:</h2>

   * Component: ARM::CMSIS:CORE:5.4.0
Build Time Elapsed:  00:00:00
</pre>
</body>
</html>
